Type checking errors:
Constructor name "Variant2B" doesn't match constructor name "Variant2A".
In the first argument of ‘unTransformer’, namely
  ‘(genericRenamingTransformer :: Transformer Variant2 Variant2)’
In the expression:
  unTransformer
    (genericRenamingTransformer :: Transformer Variant2 Variant2)
    Variant2A
Constructor name "Variant2A" doesn't match constructor name "Variant2B".
In the first argument of ‘unTransformer’, namely
  ‘(genericRenamingTransformer :: Transformer Variant2 Variant2)’
In the expression:
  unTransformer
    (genericRenamingTransformer :: Transformer Variant2 Variant2)
    Variant2A
