Type checking errors:
Couldn't match type: '[ 'FieldInfo "_variantRecord3A",
                        'FieldInfo "_variantRecord3B", 'FieldInfo "_variantRecord3C"]
               with: '[]
  arising from a use of ‘genericRenamingTransformer’
In the first argument of ‘unTransformer’, namely
  ‘(genericRenamingTransformer ::
      Transformer VariantUnlabelled3 VariantRecord3)’
In the expression:
  unTransformer
    (genericRenamingTransformer ::
       Transformer VariantUnlabelled3 VariantRecord3)
    (VariantUnlabelled3A 1 "a" True)
