Type checking errors:
<interactive>:3:4: error:
    • Couldn't match type: '[Char, [Char]]
                     with: '[]
        arising from a use of ‘genericReorderingTransformer’
    • In the first argument of ‘unTransformer’, namely
        ‘(genericReorderingTransformer ::
            Transformer A.VariantUnlabelled3 C.VariantUnlabelled3)’
      In the expression:
        unTransformer
          (genericReorderingTransformer ::
             Transformer A.VariantUnlabelled3 C.VariantUnlabelled3)
          (A.VariantUnlabelled3B True 1 "a")
