Initial directory tree:
following/.lowarn-retrofit/7ac9b5de972d9eeb5c2801cce13069bcf4afc57432dc93a3322d4a07c8ce91ac/commit-map
following/.lowarn-retrofit/7ac9b5de972d9eeb5c2801cce13069bcf4afc57432dc93a3322d4a07c8ce91ac/repo/.gitignore
following/.lowarn-retrofit/7ac9b5de972d9eeb5c2801cce13069bcf4afc57432dc93a3322d4a07c8ce91ac/repo/LICENSE
following/.lowarn-retrofit/7ac9b5de972d9eeb5c2801cce13069bcf4afc57432dc93a3322d4a07c8ce91ac/repo/README.md
following/.lowarn-retrofit/7ac9b5de972d9eeb5c2801cce13069bcf4afc57432dc93a3322d4a07c8ce91ac/repo/text.txt
Commit ID: 63c39e832f12cb1a4d0028c87bc12de7410037eb
Directory tree after copying commit state:
following/.lowarn-retrofit/7ac9b5de972d9eeb5c2801cce13069bcf4afc57432dc93a3322d4a07c8ce91ac/commit-map
following/.lowarn-retrofit/7ac9b5de972d9eeb5c2801cce13069bcf4afc57432dc93a3322d4a07c8ce91ac/repo/.gitignore
following/.lowarn-retrofit/7ac9b5de972d9eeb5c2801cce13069bcf4afc57432dc93a3322d4a07c8ce91ac/repo/LICENSE
following/.lowarn-retrofit/7ac9b5de972d9eeb5c2801cce13069bcf4afc57432dc93a3322d4a07c8ce91ac/repo/README.md
following/.lowarn-retrofit/7ac9b5de972d9eeb5c2801cce13069bcf4afc57432dc93a3322d4a07c8ce91ac/repo/text.txt
following/versions/1000/source/.gitignore
following/versions/1000/source/LICENSE
following/versions/1000/source/README.md
following/versions/1000/source/text.txt
Directory tree after making patches:
following/.lowarn-retrofit/7ac9b5de972d9eeb5c2801cce13069bcf4afc57432dc93a3322d4a07c8ce91ac/commit-map
following/.lowarn-retrofit/7ac9b5de972d9eeb5c2801cce13069bcf4afc57432dc93a3322d4a07c8ce91ac/repo/.gitignore
following/.lowarn-retrofit/7ac9b5de972d9eeb5c2801cce13069bcf4afc57432dc93a3322d4a07c8ce91ac/repo/LICENSE
following/.lowarn-retrofit/7ac9b5de972d9eeb5c2801cce13069bcf4afc57432dc93a3322d4a07c8ce91ac/repo/README.md
following/.lowarn-retrofit/7ac9b5de972d9eeb5c2801cce13069bcf4afc57432dc93a3322d4a07c8ce91ac/repo/text.txt
following/versions/1000/retrofit.patch
following/versions/1000/retrofitted/.gitignore
following/versions/1000/retrofitted/LICENSE
following/versions/1000/retrofitted/text.txt
following/versions/1000/simplified/.gitignore
following/versions/1000/simplified/LICENSE
following/versions/1000/simplified/text.txt
following/versions/1000/simplify.patch
following/versions/1000/source/.gitignore
following/versions/1000/source/LICENSE
following/versions/1000/source/README.md
following/versions/1000/source/text.txt
File following/versions/1000/simplify.patch:
diff --git a/source/README.md b/source/README.md
deleted file mode 100644
index 260b28c..0000000
diff --git a/source/text.txt b/simplified/text.txt
index cd08755..af5626b 100644
--- a/source/text.txt
+++ b/simplified/text.txt
@@ -1 +1 @@
-Hello world!
+Hello, world!

File following/versions/1000/retrofit.patch:
diff --git a/simplified/text.txt b/retrofitted/text.txt
index af5626b..c38a6f2 100644
--- a/simplified/text.txt
+++ b/retrofitted/text.txt
@@ -1 +1 @@
-Hello, world!
+Hello, Lowarn!

Directory tree after removing simplified:
following/.lowarn-retrofit/7ac9b5de972d9eeb5c2801cce13069bcf4afc57432dc93a3322d4a07c8ce91ac/commit-map
following/.lowarn-retrofit/7ac9b5de972d9eeb5c2801cce13069bcf4afc57432dc93a3322d4a07c8ce91ac/repo/.gitignore
following/.lowarn-retrofit/7ac9b5de972d9eeb5c2801cce13069bcf4afc57432dc93a3322d4a07c8ce91ac/repo/LICENSE
following/.lowarn-retrofit/7ac9b5de972d9eeb5c2801cce13069bcf4afc57432dc93a3322d4a07c8ce91ac/repo/README.md
following/.lowarn-retrofit/7ac9b5de972d9eeb5c2801cce13069bcf4afc57432dc93a3322d4a07c8ce91ac/repo/text.txt
following/versions/1000/retrofit.patch
following/versions/1000/retrofitted/.gitignore
following/versions/1000/retrofitted/LICENSE
following/versions/1000/retrofitted/text.txt
following/versions/1000/simplify.patch
following/versions/1000/source/.gitignore
following/versions/1000/source/LICENSE
following/versions/1000/source/README.md
following/versions/1000/source/text.txt
Directory tree after applying simplify patch:
following/.lowarn-retrofit/7ac9b5de972d9eeb5c2801cce13069bcf4afc57432dc93a3322d4a07c8ce91ac/commit-map
following/.lowarn-retrofit/7ac9b5de972d9eeb5c2801cce13069bcf4afc57432dc93a3322d4a07c8ce91ac/repo/.gitignore
following/.lowarn-retrofit/7ac9b5de972d9eeb5c2801cce13069bcf4afc57432dc93a3322d4a07c8ce91ac/repo/LICENSE
following/.lowarn-retrofit/7ac9b5de972d9eeb5c2801cce13069bcf4afc57432dc93a3322d4a07c8ce91ac/repo/README.md
following/.lowarn-retrofit/7ac9b5de972d9eeb5c2801cce13069bcf4afc57432dc93a3322d4a07c8ce91ac/repo/text.txt
following/versions/1000/retrofit.patch
following/versions/1000/retrofitted/.gitignore
following/versions/1000/retrofitted/LICENSE
following/versions/1000/retrofitted/text.txt
following/versions/1000/simplified/.gitignore
following/versions/1000/simplified/LICENSE
following/versions/1000/simplified/README.md
following/versions/1000/simplified/text.txt
following/versions/1000/simplify.patch
following/versions/1000/source/.gitignore
following/versions/1000/source/LICENSE
following/versions/1000/source/README.md
following/versions/1000/source/text.txt
File following/versions/1000/simplified/text.txt:
Hello world!

Directory tree after applying retrofit patch:
following/.lowarn-retrofit/7ac9b5de972d9eeb5c2801cce13069bcf4afc57432dc93a3322d4a07c8ce91ac/commit-map
following/.lowarn-retrofit/7ac9b5de972d9eeb5c2801cce13069bcf4afc57432dc93a3322d4a07c8ce91ac/repo/.gitignore
following/.lowarn-retrofit/7ac9b5de972d9eeb5c2801cce13069bcf4afc57432dc93a3322d4a07c8ce91ac/repo/LICENSE
following/.lowarn-retrofit/7ac9b5de972d9eeb5c2801cce13069bcf4afc57432dc93a3322d4a07c8ce91ac/repo/README.md
following/.lowarn-retrofit/7ac9b5de972d9eeb5c2801cce13069bcf4afc57432dc93a3322d4a07c8ce91ac/repo/text.txt
following/versions/1000/retrofit.patch
following/versions/1000/retrofitted/.gitignore
following/versions/1000/retrofitted/LICENSE
following/versions/1000/retrofitted/README.md
following/versions/1000/retrofitted/text.txt
following/versions/1000/simplified/.gitignore
following/versions/1000/simplified/LICENSE
following/versions/1000/simplified/README.md
following/versions/1000/simplified/text.txt
following/versions/1000/simplify.patch
following/versions/1000/source/.gitignore
following/versions/1000/source/LICENSE
following/versions/1000/source/README.md
following/versions/1000/source/text.txt
File following/versions/1000/retrofitted/text.txt:
Hello... world!

Directory tree after clean:
following/versions/1000/retrofit.patch
following/versions/1000/retrofitted/.gitignore
following/versions/1000/retrofitted/LICENSE
following/versions/1000/retrofitted/README.md
following/versions/1000/retrofitted/text.txt
following/versions/1000/simplified/.gitignore
following/versions/1000/simplified/LICENSE
following/versions/1000/simplified/README.md
following/versions/1000/simplified/text.txt
following/versions/1000/simplify.patch
following/versions/1000/source/.gitignore
following/versions/1000/source/LICENSE
following/versions/1000/source/README.md
following/versions/1000/source/text.txt
