Initial directory tree:
following/.lowarn-retrofit/7ac9b5de972d9eeb5c2801cce13069bcf4afc57432dc93a3322d4a07c8ce91ac/commit-map
following/.lowarn-retrofit/7ac9b5de972d9eeb5c2801cce13069bcf4afc57432dc93a3322d4a07c8ce91ac/repo/.gitignore
following/.lowarn-retrofit/7ac9b5de972d9eeb5c2801cce13069bcf4afc57432dc93a3322d4a07c8ce91ac/repo/LICENSE
following/.lowarn-retrofit/7ac9b5de972d9eeb5c2801cce13069bcf4afc57432dc93a3322d4a07c8ce91ac/repo/README.md
following/.lowarn-retrofit/7ac9b5de972d9eeb5c2801cce13069bcf4afc57432dc93a3322d4a07c8ce91ac/repo/text.txt
Commit ID: 63c39e832f12cb1a4d0028c87bc12de7410037eb
Directory tree after copying commit state:
following/.lowarn-retrofit/7ac9b5de972d9eeb5c2801cce13069bcf4afc57432dc93a3322d4a07c8ce91ac/commit-map
following/.lowarn-retrofit/7ac9b5de972d9eeb5c2801cce13069bcf4afc57432dc93a3322d4a07c8ce91ac/repo/.gitignore
following/.lowarn-retrofit/7ac9b5de972d9eeb5c2801cce13069bcf4afc57432dc93a3322d4a07c8ce91ac/repo/LICENSE
following/.lowarn-retrofit/7ac9b5de972d9eeb5c2801cce13069bcf4afc57432dc93a3322d4a07c8ce91ac/repo/README.md
following/.lowarn-retrofit/7ac9b5de972d9eeb5c2801cce13069bcf4afc57432dc93a3322d4a07c8ce91ac/repo/text.txt
following/versions/1000/source/.gitignore
following/versions/1000/source/LICENSE
following/versions/1000/source/README.md
following/versions/1000/source/text.txt
Directory tree after applying patches:
following/.lowarn-retrofit/7ac9b5de972d9eeb5c2801cce13069bcf4afc57432dc93a3322d4a07c8ce91ac/commit-map
following/.lowarn-retrofit/7ac9b5de972d9eeb5c2801cce13069bcf4afc57432dc93a3322d4a07c8ce91ac/repo/.gitignore
following/.lowarn-retrofit/7ac9b5de972d9eeb5c2801cce13069bcf4afc57432dc93a3322d4a07c8ce91ac/repo/LICENSE
following/.lowarn-retrofit/7ac9b5de972d9eeb5c2801cce13069bcf4afc57432dc93a3322d4a07c8ce91ac/repo/README.md
following/.lowarn-retrofit/7ac9b5de972d9eeb5c2801cce13069bcf4afc57432dc93a3322d4a07c8ce91ac/repo/text.txt
following/versions/1000/retrofit.patch
following/versions/1000/retrofitted/.gitignore
following/versions/1000/retrofitted/LICENSE
following/versions/1000/retrofitted/text.txt
following/versions/1000/simplified/.gitignore
following/versions/1000/simplified/LICENSE
following/versions/1000/simplified/text.txt
following/versions/1000/simplify.patch
following/versions/1000/source/.gitignore
following/versions/1000/source/LICENSE
following/versions/1000/source/README.md
following/versions/1000/source/text.txt
File following/versions/1000/simplify.patch:
# simplify
# 
# To apply this patch:
# STEP 1: Chdir to the source directory.
# STEP 2: Run the 'applypatch' program with this patch file as input.
#
# If you do not have 'applypatch', it is part of the 'makepatch' package
# that you can fetch from the Comprehensive Perl Archive Network:
# http://www.perl.com/CPAN/authors/Johan_Vromans/makepatch-x.y.tar.gz
# In the above URL, 'x' should be 2 or higher.
#
# To apply this patch without the use of 'applypatch':
# STEP 1: Chdir to the source directory.
# If you have a decent Bourne-type shell:
# STEP 2: Run the shell with this file as input.
# If you don't have such a shell, you may need to manually delete
# the files as shown below.
# STEP 3: Run the 'patch' program with this file as input.
#
# These are the commands needed to create/delete files/directories:
#
rm -f 'README.md'
#
# This command terminates the shell and need not be executed manually.
exit
#
#### End of Preamble ####

#### Patch data follows ####
diff -u 'source/text.txt' 'simplified/text.txt'
Index: ./text.txt
--- ./text.txt	Thu Jan 01 00:00:00 1970
+++ ./text.txt	Thu Jan 01 00:00:00 1970
@@ -1 +1 @@
-Hello world!
+Hello, world!
\ No newline at end of file
#### End of Patch data ####

#### ApplyPatch data follows ####
# Data version        : 1.0
# Date generated      : Thu Jan 01 00:00:00 1970
# Generated by        : makepatch 2.03
# Recurse directories : Yes
# Excluded files      : (\A|/).*\~\Z
#                       (\A|/).*\.a\Z
#                       (\A|/).*\.bak\Z
#                       (\A|/).*\.BAK\Z
#                       (\A|/).*\.elc\Z
#                       (\A|/).*\.exe\Z
#                       (\A|/).*\.gz\Z
#                       (\A|/).*\.ln\Z
#                       (\A|/).*\.o\Z
#                       (\A|/).*\.obj\Z
#                       (\A|/).*\.olb\Z
#                       (\A|/).*\.old\Z
#                       (\A|/).*\.orig\Z
#                       (\A|/).*\.rej\Z
#                       (\A|/).*\.so\Z
#                       (\A|/).*\.Z\Z
#                       (\A|/)\.del\-.*\Z
#                       (\A|/)\.make\.state\Z
#                       (\A|/)\.nse_depinfo\Z
#                       (\A|/)core\Z
#                       (\A|/)tags\Z
#                       (\A|/)TAGS\Z
# r 'README.md' 55 0
# p 'text.txt' 13 0 0
#### End of ApplyPatch data ####

#### End of Patch kit [created: Thu Jan 01 00:00:00 1970] ####

File following/versions/1000/retrofit.patch:
# retrofit
# 
# To apply this patch:
# STEP 1: Chdir to the source directory.
# STEP 2: Run the 'applypatch' program with this patch file as input.
#
# If you do not have 'applypatch', it is part of the 'makepatch' package
# that you can fetch from the Comprehensive Perl Archive Network:
# http://www.perl.com/CPAN/authors/Johan_Vromans/makepatch-x.y.tar.gz
# In the above URL, 'x' should be 2 or higher.
#
# To apply this patch without the use of 'applypatch':
# STEP 1: Chdir to the source directory.
# STEP 2: Run the 'patch' program with this file as input.
#
#### End of Preamble ####

#### Patch data follows ####
diff -u 'simplified/text.txt' 'retrofitted/text.txt'
Index: ./text.txt
--- ./text.txt	Thu Jan 01 00:00:00 1970
+++ ./text.txt	Thu Jan 01 00:00:00 1970
@@ -1 +1 @@
-Hello, world!
\ No newline at end of file
+Hello, Lowarn!
\ No newline at end of file
#### End of Patch data ####

#### ApplyPatch data follows ####
# Data version        : 1.0
# Date generated      : Thu Jan 01 00:00:00 1970
# Generated by        : makepatch 2.03
# Recurse directories : Yes
# Excluded files      : (\A|/).*\~\Z
#                       (\A|/).*\.a\Z
#                       (\A|/).*\.bak\Z
#                       (\A|/).*\.BAK\Z
#                       (\A|/).*\.elc\Z
#                       (\A|/).*\.exe\Z
#                       (\A|/).*\.gz\Z
#                       (\A|/).*\.ln\Z
#                       (\A|/).*\.o\Z
#                       (\A|/).*\.obj\Z
#                       (\A|/).*\.olb\Z
#                       (\A|/).*\.old\Z
#                       (\A|/).*\.orig\Z
#                       (\A|/).*\.rej\Z
#                       (\A|/).*\.so\Z
#                       (\A|/).*\.Z\Z
#                       (\A|/)\.del\-.*\Z
#                       (\A|/)\.make\.state\Z
#                       (\A|/)\.nse_depinfo\Z
#                       (\A|/)core\Z
#                       (\A|/)tags\Z
#                       (\A|/)TAGS\Z
# p 'text.txt' 13 0 0
#### End of ApplyPatch data ####

#### End of Patch kit [created: Thu Jan 01 00:00:00 1970] ####

Directory tree after removing simplified:
following/.lowarn-retrofit/7ac9b5de972d9eeb5c2801cce13069bcf4afc57432dc93a3322d4a07c8ce91ac/commit-map
following/.lowarn-retrofit/7ac9b5de972d9eeb5c2801cce13069bcf4afc57432dc93a3322d4a07c8ce91ac/repo/.gitignore
following/.lowarn-retrofit/7ac9b5de972d9eeb5c2801cce13069bcf4afc57432dc93a3322d4a07c8ce91ac/repo/LICENSE
following/.lowarn-retrofit/7ac9b5de972d9eeb5c2801cce13069bcf4afc57432dc93a3322d4a07c8ce91ac/repo/README.md
following/.lowarn-retrofit/7ac9b5de972d9eeb5c2801cce13069bcf4afc57432dc93a3322d4a07c8ce91ac/repo/text.txt
following/versions/1000/retrofit.patch
following/versions/1000/retrofitted/.gitignore
following/versions/1000/retrofitted/LICENSE
following/versions/1000/retrofitted/text.txt
following/versions/1000/simplify.patch
following/versions/1000/source/.gitignore
following/versions/1000/source/LICENSE
following/versions/1000/source/README.md
following/versions/1000/source/text.txt
Directory tree after applying simplify patch:
following/.lowarn-retrofit/7ac9b5de972d9eeb5c2801cce13069bcf4afc57432dc93a3322d4a07c8ce91ac/commit-map
following/.lowarn-retrofit/7ac9b5de972d9eeb5c2801cce13069bcf4afc57432dc93a3322d4a07c8ce91ac/repo/.gitignore
following/.lowarn-retrofit/7ac9b5de972d9eeb5c2801cce13069bcf4afc57432dc93a3322d4a07c8ce91ac/repo/LICENSE
following/.lowarn-retrofit/7ac9b5de972d9eeb5c2801cce13069bcf4afc57432dc93a3322d4a07c8ce91ac/repo/README.md
following/.lowarn-retrofit/7ac9b5de972d9eeb5c2801cce13069bcf4afc57432dc93a3322d4a07c8ce91ac/repo/text.txt
following/versions/1000/retrofit.patch
following/versions/1000/retrofitted/.gitignore
following/versions/1000/retrofitted/LICENSE
following/versions/1000/retrofitted/text.txt
following/versions/1000/simplified/.gitignore
following/versions/1000/simplified/LICENSE
following/versions/1000/simplified/text.txt
following/versions/1000/simplify.patch
following/versions/1000/source/.gitignore
following/versions/1000/source/LICENSE
following/versions/1000/source/README.md
following/versions/1000/source/text.txt
File following/versions/1000/simplified/text.txt:
Hello, world!
Directory tree after applying retrofit patch:
following/.lowarn-retrofit/7ac9b5de972d9eeb5c2801cce13069bcf4afc57432dc93a3322d4a07c8ce91ac/commit-map
following/.lowarn-retrofit/7ac9b5de972d9eeb5c2801cce13069bcf4afc57432dc93a3322d4a07c8ce91ac/repo/.gitignore
following/.lowarn-retrofit/7ac9b5de972d9eeb5c2801cce13069bcf4afc57432dc93a3322d4a07c8ce91ac/repo/LICENSE
following/.lowarn-retrofit/7ac9b5de972d9eeb5c2801cce13069bcf4afc57432dc93a3322d4a07c8ce91ac/repo/README.md
following/.lowarn-retrofit/7ac9b5de972d9eeb5c2801cce13069bcf4afc57432dc93a3322d4a07c8ce91ac/repo/text.txt
following/versions/1000/retrofit.patch
following/versions/1000/retrofitted/.gitignore
following/versions/1000/retrofitted/LICENSE
following/versions/1000/retrofitted/text.txt
following/versions/1000/retrofitted/text.txt.orig
following/versions/1000/simplified/.gitignore
following/versions/1000/simplified/LICENSE
following/versions/1000/simplified/text.txt
following/versions/1000/simplify.patch
following/versions/1000/source/.gitignore
following/versions/1000/source/LICENSE
following/versions/1000/source/README.md
following/versions/1000/source/text.txt
File following/versions/1000/retrofitted/text.txt:
<<<<<<<
=======
Hello, Lowarn!
>>>>>>>
Hello... world!
Directory tree after clean:
following/versions/1000/retrofit.patch
following/versions/1000/retrofitted/.gitignore
following/versions/1000/retrofitted/LICENSE
following/versions/1000/retrofitted/text.txt
following/versions/1000/retrofitted/text.txt.orig
following/versions/1000/simplified/.gitignore
following/versions/1000/simplified/LICENSE
following/versions/1000/simplified/text.txt
following/versions/1000/simplify.patch
following/versions/1000/source/.gitignore
following/versions/1000/source/LICENSE
following/versions/1000/source/README.md
following/versions/1000/source/text.txt
