Type checking errors:
Datatype name "VariantRecord3" doesn't match datatype name "VariantRecord3'".
In the first argument of ‘unTransformer’, namely
  ‘(genericRenamingTransformer ::
      Transformer VariantRecord3 VariantRecord3')’
In the expression:
  unTransformer
    (genericRenamingTransformer ::
       Transformer VariantRecord3 VariantRecord3')
    (VariantRecord3A 1 "a" True)
