Type checking errors:
No instance for (OrderWithSymbols
                   '[]
                   '[]
                   '["_record1B"]
                   '[t0]
                   (OrderWithSymbolsWbs '[] '[] '["_record1B"]))
  arising from a use of ‘genericReorderingTransformer’
In the first argument of ‘unTransformer’, namely
  ‘(genericReorderingTransformer :: Transformer Record1 Record1)’
In the expression:
  unTransformer
    (genericReorderingTransformer :: Transformer Record1 Record1)
    (Record1A 1)
