Config:
Right (LowarnConfig {lowarnConfigProgramName = ProgramName {unProgramName = "following"}, lowarnConfigUnload = True, lowarnConfigSystemLinker = False, lowarnConfigCabalDirectory = "retrofitted/", lowarnConfigRetrofitConfig = Just (LowarnRetrofitConfig {lowarnRetrofitConfigGitUri = URI {uriScheme = Scheme {schemeBS = "https"}, uriAuthority = Just (Authority {authorityUserInfo = Nothing, authorityHost = Host {hostBS = "github.com"}, authorityPort = Nothing}), uriPath = "/xmonad/xmonad.git", uriQuery = Query {queryPairs = []}, uriFragment = Nothing}, lowarnRetrofitConfigBranch = BranchName {unBranchName = "master"}})})
