Type checking errors:
No instance for (TakeWithSymbols'
                   'False
                   '[ '[]]
                   '[ 'SymbolWithSymbols "Variant1A" '[]]
                   "Variant1'A"
                   (TakeWithSymbols'B
                      'False '[ '[]] '[ 'SymbolWithSymbols "Variant1A" '[]] "Variant1'A")
                   (TakeWithSymbols'Wb
                      'False '[ '[]] '[ 'SymbolWithSymbols "Variant1A" '[]] "Variant1'A")
                   (TakeWithSymbols'Cs
                      'False '[ '[]] '[ 'SymbolWithSymbols "Variant1A" '[]] "Variant1'A")
                   (TakeWithSymbols'Wcs
                      'False
                      '[ '[]]
                      '[ 'SymbolWithSymbols "Variant1A" '[]]
                      "Variant1'A"))
  arising from a use of ‘genericReorderingTransformer’
In the first argument of ‘unTransformer’, namely
  ‘(genericReorderingTransformer :: Transformer Variant1 Variant1)’
In the expression:
  unTransformer
    (genericReorderingTransformer :: Transformer Variant1 Variant1)
    Variant1A
