Type checking errors:
Field name "_variantRecord3C" doesn't match field name "_variantRecord3'C".
In the first argument of ‘unTransformer’, namely
  ‘(genericRenamingTransformer ::
      Transformer VariantRecord3 VariantRecord3')’
In the expression:
  unTransformer
    (genericRenamingTransformer ::
       Transformer VariantRecord3 VariantRecord3')
    (VariantRecord3A 1 "a" True)
Field name "_variantRecord3B" doesn't match field name "_variantRecord3'B".
In the first argument of ‘unTransformer’, namely
  ‘(genericRenamingTransformer ::
      Transformer VariantRecord3 VariantRecord3')’
In the expression:
  unTransformer
    (genericRenamingTransformer ::
       Transformer VariantRecord3 VariantRecord3')
    (VariantRecord3A 1 "a" True)
Field name "_variantRecord3A" doesn't match field name "_variantRecord3'A".
In the first argument of ‘unTransformer’, namely
  ‘(genericRenamingTransformer ::
      Transformer VariantRecord3 VariantRecord3')’
In the expression:
  unTransformer
    (genericRenamingTransformer ::
       Transformer VariantRecord3 VariantRecord3')
    (VariantRecord3A 1 "a" True)
