Type checking errors:
Constructor name ":" doesn't match constructor name "True".
In the first argument of ‘unTransformer’, namely
  ‘(genericReorderingTransformer ::
      Transformer VariantUnlabelled3 VariantUnlabelled3)’
In the expression:
  unTransformer
    (genericReorderingTransformer ::
       Transformer VariantUnlabelled3 VariantUnlabelled3)
    (VariantUnlabelled3B True 1 "a")
Constructor name "[]" doesn't match constructor name "False".
In the first argument of ‘unTransformer’, namely
  ‘(genericReorderingTransformer ::
      Transformer VariantUnlabelled3 VariantUnlabelled3)’
In the expression:
  unTransformer
    (genericReorderingTransformer ::
       Transformer VariantUnlabelled3 VariantUnlabelled3)
    (VariantUnlabelled3B True 1 "a")
Datatype name "[]" doesn't match datatype name "Bool".
In the first argument of ‘unTransformer’, namely
  ‘(genericReorderingTransformer ::
      Transformer VariantUnlabelled3 VariantUnlabelled3)’
In the expression:
  unTransformer
    (genericReorderingTransformer ::
       Transformer VariantUnlabelled3 VariantUnlabelled3)
    (VariantUnlabelled3B True 1 "a")
Constructor name "True" doesn't match constructor name ":".
In the first argument of ‘unTransformer’, namely
  ‘(genericReorderingTransformer ::
      Transformer VariantUnlabelled3 VariantUnlabelled3)’
In the expression:
  unTransformer
    (genericReorderingTransformer ::
       Transformer VariantUnlabelled3 VariantUnlabelled3)
    (VariantUnlabelled3B True 1 "a")
Constructor name "False" doesn't match constructor name "[]".
In the first argument of ‘unTransformer’, namely
  ‘(genericReorderingTransformer ::
      Transformer VariantUnlabelled3 VariantUnlabelled3)’
In the expression:
  unTransformer
    (genericReorderingTransformer ::
       Transformer VariantUnlabelled3 VariantUnlabelled3)
    (VariantUnlabelled3B True 1 "a")
Datatype name "Bool" doesn't match datatype name "[]".
In the first argument of ‘unTransformer’, namely
  ‘(genericReorderingTransformer ::
      Transformer VariantUnlabelled3 VariantUnlabelled3)’
In the expression:
  unTransformer
    (genericReorderingTransformer ::
       Transformer VariantUnlabelled3 VariantUnlabelled3)
    (VariantUnlabelled3B True 1 "a")
