Type checking errors:
<interactive>:3:4: error:
    • No instance for (Lowarn.Transformer.OrderWithSymbols
                         (Lowarn.Transformer.OrderWithSymbolsBs '[] '[] '["Variant1B"])
                         (Lowarn.Transformer.OrderWithSymbolsWbs '[] '[] '["Variant1B"])
                         '[]
                         '[]
                         '[])
        arising from a use of ‘genericReorderingTransformer’
    • In the first argument of ‘unTransformer’, namely
        ‘(genericReorderingTransformer ::
            Transformer A.Variant1 D.Variant1)’
      In the expression:
        unTransformer
          (genericReorderingTransformer :: Transformer A.Variant1 D.Variant1)
          A.Variant1A
