Output: Following:
Output: ------
Output: Input username of user to follow:
 Input: A
Output: Following:
Output: A
Output: ------
Output: Input username of user to follow:
  Info: Update signal sent.
  Info: Update signal sent.
  Info: Update signal sent.
 Input: B
Output: Following:
Output: A#8153
Output: B#9481
Output: ------
Output: Input nickname of user to follow:
 Input: C
Output: Input user ID of user to follow:
 Input: 1234
Output: Following:
Output: A#8153
Output: B#9481
Output: C#1234
Output: ------
Output: Input nickname of user to follow:
 Error: Process did not end.
